\BOOKMARK [1][-]{section.1}{\376\377\000P\0004\000\137\0001\000:\000\040\000F\000i\000l\000t\000r\000o\000\040\000c\000o\000m\000p\000e\000n\000s\000a\000d\000o\000r\000\040\000d\000e\000l\000\040\000C\000I\000C}{}% 1
\BOOKMARK [2][-]{subsection.1.1}{\376\377\000D\000e\000s\000c\000r\000i\000p\000c\000i\000\363\000n\000\040\000d\000e\000l\000\040\000m\000\363\000d\000u\000l\000o\000\040\000c\000o\000m\000p\000\137\000c\000i\000c}{section.1}% 2
\BOOKMARK [2][-]{subsection.1.2}{\376\377\000A\000n\000\341\000l\000i\000s\000i\000s\000\040\000d\000e\000\040\000l\000a\000\040\000c\000u\000a\000n\000t\000i\000f\000i\000c\000a\000c\000i\000\363\000n\000\040\000d\000e\000\040\000l\000a\000\040\000r\000u\000t\000a\000\040\000d\000e\000\040\000d\000a\000t\000o\000s}{section.1}% 3
\BOOKMARK [2][-]{subsection.1.3}{\376\377\000I\000n\000t\000e\000r\000f\000a\000z}{section.1}% 4
\BOOKMARK [2][-]{subsection.1.4}{\376\377\000D\000i\000s\000e\000\361\000o\000\040\000d\000e\000\040\000l\000a\000\040\000M\000\341\000q\000u\000i\000n\000a\000\040\000d\000e\000\040\000E\000s\000t\000a\000d\000o\000s}{section.1}% 5
\BOOKMARK [2][-]{subsection.1.5}{\376\377\000R\000e\000c\000u\000r\000s\000o\000s\000\040\000h\000a\000r\000d\000w\000a\000r\000e}{section.1}% 6
\BOOKMARK [2][-]{subsection.1.6}{\376\377\000F\000r\000e\000c\000u\000e\000n\000c\000i\000a\000\040\000d\000e\000\040\000o\000p\000e\000r\000a\000c\000i\000\363\000n}{section.1}% 7
\BOOKMARK [2][-]{subsection.1.7}{\376\377\000V\000e\000r\000i\000f\000i\000c\000a\000c\000i\000\363\000n\000\040\000R\000T\000L}{section.1}% 8
\BOOKMARK [3][-]{subsubsection.1.7.1}{\376\377\000C\000a\000s\000o\000\040\0001\000:\000\040}{subsection.1.7}% 9
\BOOKMARK [3][-]{subsubsection.1.7.2}{\376\377\000C\000a\000s\000o\000\040\0002\000:}{subsection.1.7}% 10
\BOOKMARK [2][-]{subsection.1.8}{\376\377\000V\000e\000r\000i\000f\000i\000c\000a\000c\000i\000\363\000n\000\040\000a\000\040\000n\000i\000v\000e\000l\000\040\000d\000e\000\040\000p\000u\000e\000r\000t\000a\000s}{section.1}% 11
\BOOKMARK [1][-]{section.2}{\376\377\000C\000o\000n\000c\000l\000u\000s\000i\000o\000n\000e\000s}{}% 12
\BOOKMARK [1][-]{section.3}{\376\377\000P\0004\000\137\0002\000:\000\040\000F\000i\000l\000t\000r\000o\000\040\000c\000o\000m\000p\000e\000n\000s\000a\000d\000o\000r\000\040\000d\000e\000l\000\040\000D\000A\000C}{}% 13
\BOOKMARK [2][-]{subsection.3.1}{\376\377\000D\000i\000s\000e\000\361\000o\000\040\000d\000e\000\040\000l\000a\000\040\000e\000s\000t\000r\000u\000c\000t\000u\000r\000a\000\040\000d\000e\000l\000\040\000f\000i\000l\000t\000r\000o\000\040\000c\000o\000m\000p\000e\000n\000s\000a\000d\000o\000r\000\040\000d\000e\000l\000\040\000D\000A\000C}{section.3}% 14
\BOOKMARK [2][-]{subsection.3.2}{\376\377\000A\000n\000\341\000l\000i\000s\000i\000s\000\040\000d\000e\000\040\000l\000a\000\040\000c\000u\000a\000n\000t\000i\000f\000i\000c\000a\000c\000i\000\363\000n\000\040\000d\000e\000\040\000l\000a\000\040\000r\000u\000t\000a\000\040\000d\000e\000\040\000d\000a\000t\000o\000s}{section.3}% 15
\BOOKMARK [2][-]{subsection.3.3}{\376\377\000I\000n\000t\000e\000r\000f\000a\000z}{section.3}% 16
\BOOKMARK [2][-]{subsection.3.4}{\376\377\000R\000e\000c\000u\000r\000s\000o\000s\000\040\000h\000a\000r\000d\000w\000a\000r\000e}{section.3}% 17
\BOOKMARK [2][-]{subsection.3.5}{\376\377\000F\000r\000e\000c\000u\000e\000n\000c\000i\000a\000\040\000d\000e\000\040\000o\000p\000e\000r\000a\000c\000i\000\363\000n}{section.3}% 18
\BOOKMARK [2][-]{subsection.3.6}{\376\377\000V\000e\000r\000i\000f\000i\000c\000a\000c\000i\000\363\000n\000\040\000R\000T\000L}{section.3}% 19
\BOOKMARK [3][-]{subsubsection.3.6.1}{\376\377\000C\000a\000s\000o\000\040\0001\000:\000\040}{subsection.3.6}% 20
\BOOKMARK [1][-]{section.4}{\376\377\000C\000o\000n\000c\000l\000u\000s\000i\000o\000n\000e\000s}{}% 21
\BOOKMARK [1][-]{section.5}{\376\377\000F\000i\000c\000h\000e\000r\000o\000s\000\040\000e\000n\000t\000r\000e\000g\000a\000d\000o\000s}{}% 22
\BOOKMARK [1][-]{section.6}{\376\377\000A\000N\000E\000X\000O\000\040\0001\000:\000\040\000C\000\363\000d\000i\000g\000o\000\040\000H\000D\000L\000\040\000d\000e\000\040\000l\000o\000s\000\040\000m\000\363\000d\000u\000l\000o\000s\000\040\000i\000m\000p\000l\000e\000m\000e\000n\000t\000a\000d\000o\000s\000\040\000e\000n\000\040\000P\0004\000\137\0001}{}% 23
\BOOKMARK [1][-]{section.7}{\376\377\000A\000N\000E\000X\000O\000\040\0002\000:\000\040\000C\000\363\000d\000i\000g\000o\000\040\000H\000D\000L\000\040\000d\000e\000l\000\040\000b\000a\000n\000c\000o\000\040\000d\000e\000\040\000p\000r\000u\000e\000b\000a\000s\000\040\000c\000o\000m\000p\000\137\000c\000i\000c\000\137\000t\000s\000b}{}% 24
\BOOKMARK [1][-]{section.8}{\376\377\000A\000N\000E\000X\000O\000\040\0003\000:\000\040\000C\000\363\000d\000i\000g\000o\000\040\000H\000D\000L\000\040\000d\000e\000\040\000l\000o\000s\000\040\000m\000\363\000d\000u\000l\000o\000s\000\040\000i\000m\000p\000l\000e\000m\000e\000n\000t\000a\000d\000o\000s\000\040\000e\000n\000\040\000P\0004\000\137\0002}{}% 25
\BOOKMARK [1][-]{section.9}{\376\377\000A\000N\000E\000X\000O\000\040\0004\000:\000\040\000C\000\363\000d\000i\000g\000o\000\040\000H\000D\000L\000\040\000d\000e\000l\000\040\000b\000a\000n\000c\000o\000\040\000d\000e\000\040\000p\000r\000u\000e\000b\000a\000s\000\040\000c\000o\000m\000p\000\137\000d\000a\000c\000\137\000t\000s\000b}{}% 26
